// Jest Snapshot v1, https://goo.gl/fbAQLP

exports[`should render ExpenseListItem with expense 1`] = `
<Link
  className="list-item"
  replace={false}
  to="/edit/2"
>
  <div>
    <h3
      className="list-item__title"
    >
      Rent
    </h3>
    <span
      className="list-item__subtitle"
    >
      Dec 28, 1969 1:00 AM
    </span>
  </div>
  <h3
    className="list-item__data"
  >
    $2.00
  </h3>
</Link>
`;
